======================================================================
RELATÓRIO: MonitorSys (production)
Data: 2026-01-13 | Hora: 09:52:05
Hostname: DEALNOTE0235
======================================================================

=== [CPU] ===
Load Average: 0.26, 0.37, 0.16
Uso: 0.0% user, 1.2% system, 98.8% idle

=== [MEMÓRIA] ===
Mem:           9.6Gi       571Mi       8.2Gi       4.2Mi       969Mi       9.0Gi
Swap:          3.0Gi          0B       3.0Gi

=== [DISCO] ===
Filesystem      Size  Used Avail Use% Mounted on
none            4.8G     0  4.8G   0% /usr/lib/modules/6.6.87.2-microsoft-standard-WSL2
drivers         238G  146G   93G  62% /usr/lib/wsl/drivers
/dev/sdd       1007G   15G  942G   2% /
none            4.8G     0  4.8G   0% /usr/lib/wsl/lib
rootfs          4.8G  2.7M  4.8G   1% /init
none            4.8G   76K  4.8G   1% /mnt/wslg/versions.txt
none            4.8G   76K  4.8G   1% /mnt/wslg/doc
C:\             238G  146G   93G  62% /mnt/c
snapfuse         74M   74M     0 100% /snap/core22/2193
snapfuse         49M   49M     0 100% /snap/snapd/25935
snapfuse         42M   42M     0 100% /snap/trivy/276

=== [TEMPERATURA] ===
Sensores não disponíveis.

----------------------------------------------------------------------
Fim da execução: 09:52:05
----------------------------------------------------------------------

