======================================================================
RELATÓRIO: MonitorSys (production)
Data: 2026-01-23 | Hora: 10:00:00
Hostname: DEALNOTE0235
======================================================================

=== [CPU] ===
Load Average: 0.06, 0.03, 0.00
Uso: 1.2% user, 0.0% system, 98.8% idle

=== [MEMÓRIA] ===
Mem:           9.6Gi       1.3Gi       8.0Gi       4.1Mi       433Mi       8.2Gi
Swap:          3.0Gi          0B       3.0Gi

=== [DISCO] ===
Filesystem      Size  Used Avail Use% Mounted on
none            4.8G     0  4.8G   0% /usr/lib/modules/6.6.87.2-microsoft-standard-WSL2
drivers         238G  157G   81G  66% /usr/lib/wsl/drivers
/dev/sdd       1007G   22G  935G   3% /
none            4.8G     0  4.8G   0% /usr/lib/wsl/lib
rootfs          4.8G  2.7M  4.8G   1% /init
none            4.8G   76K  4.8G   1% /mnt/wslg/versions.txt
none            4.8G   76K  4.8G   1% /mnt/wslg/doc
C:\             238G  157G   81G  66% /mnt/c
snapfuse         64M   64M     0 100% /snap/core20/2686
snapfuse        333M  333M     0 100% /snap/code/219
snapfuse         74M   74M     0 100% /snap/core22/2193
snapfuse         74M   74M     0 100% /snap/core22/2216
snapfuse         49M   49M     0 100% /snap/snapd/25935
snapfuse         42M   42M     0 100% /snap/trivy/276

=== [TEMPERATURA] ===
Sensores não disponíveis.

----------------------------------------------------------------------
Fim da execução: 10:00:00
----------------------------------------------------------------------

