======================================================================
RELATÓRIO: MonitorSys (production)
Data: 2026-01-16 | Hora: 10:00:01
Hostname: DEALNOTE0235
======================================================================

=== [CPU] ===
Load Average: 0.00, 0.00, 0.00
Uso: 0.0% user, 0.0% system, id,% idle

=== [MEMÓRIA] ===
Mem:           9.6Gi       571Mi       8.9Gi       3.9Mi       265Mi       9.0Gi
Swap:          3.0Gi          0B       3.0Gi

=== [DISCO] ===
Filesystem      Size  Used Avail Use% Mounted on
none            4.8G     0  4.8G   0% /usr/lib/modules/6.6.87.2-microsoft-standard-WSL2
drivers         238G  154G   84G  65% /usr/lib/wsl/drivers
/dev/sdd       1007G   19G  937G   2% /
none            4.8G     0  4.8G   0% /usr/lib/wsl/lib
rootfs          4.8G  2.7M  4.8G   1% /init
none            4.8G   76K  4.8G   1% /mnt/wslg/versions.txt
none            4.8G   76K  4.8G   1% /mnt/wslg/doc
C:\             238G  154G   84G  65% /mnt/c
snapfuse         42M   42M     0 100% /snap/trivy/276
snapfuse         49M   49M     0 100% /snap/snapd/25935
snapfuse         74M   74M     0 100% /snap/core22/2193

=== [TEMPERATURA] ===
Sensores não disponíveis.

----------------------------------------------------------------------
Fim da execução: 10:00:01
----------------------------------------------------------------------

