======================================================================
RELATÓRIO: MonitorSys (production)
Data: 2026-02-11 | Hora: 10:00:01
Hostname: DEALNOTE0235
======================================================================

=== [CPU] ===
Load Average: 0.36, 0.54, 0.49
Uso: 1.1% user, 2.3% system, 96.6% idle

=== [MEMÓRIA] ===
Mem:           9.6Gi       3.3Gi       867Mi        24Mi       5.6Gi       6.3Gi
Swap:          3.0Gi          0B       3.0Gi

=== [DISCO] ===
Filesystem                                Size  Used Avail Use% Mounted on
none                                      4.8G     0  4.8G   0% /usr/lib/modules/6.6.87.2-microsoft-standard-WSL2
drivers                                   238G  181G   57G  77% /usr/lib/wsl/drivers
/dev/sdd                                 1007G   29G  927G   4% /
none                                      4.8G     0  4.8G   0% /usr/lib/wsl/lib
rootfs                                    4.8G  2.7M  4.8G   1% /init
none                                      4.8G   76K  4.8G   1% /mnt/wslg/versions.txt
none                                      4.8G   76K  4.8G   1% /mnt/wslg/doc
C:\                                       238G  181G   57G  77% /mnt/c
snapfuse                                  333M  333M     0 100% /snap/code/220
snapfuse                                   64M   64M     0 100% /snap/core20/2686
snapfuse                                   74M   74M     0 100% /snap/core22/2216
snapfuse                                  337M  337M     0 100% /snap/code/221
snapfuse                                   74M   74M     0 100% /snap/core22/2292
snapfuse                                   49M   49M     0 100% /snap/snapd/25935
snapfuse                                   42M   42M     0 100% /snap/trivy/276
/dev/sde                                  130M   66M   54M  55% /mnt/wsl/docker-desktop/docker-desktop-user-distro
/dev/loop0                                718M  718M     0 100% /mnt/wsl/docker-desktop/cli-tools
C:\Program Files\Docker\Docker\resources  238G  181G   57G  77% /Docker/host

=== [TEMPERATURA] ===
Sensores não disponíveis.

----------------------------------------------------------------------
Fim da execução: 10:00:01
----------------------------------------------------------------------

