======================================================================
RELATÓRIO: MonitorSys (production)
Data: 2026-02-17 | Hora: 10:00:02
Hostname: DEALNOTE0235
======================================================================

=== [CPU] ===
Load Average: 0.19, 0.29, 0.27
Uso: 1.1% user, 1.1% system, 97.8% idle

=== [MEMÓRIA] ===
Mem:           9.6Gi       2.5Gi       5.1Gi        22Mi       2.3Gi       7.1Gi
Swap:          3.0Gi          0B       3.0Gi

=== [DISCO] ===
Filesystem      Size  Used Avail Use% Mounted on
none            4.8G     0  4.8G   0% /usr/lib/modules/6.6.87.2-microsoft-standard-WSL2
drivers         238G  179G   60G  75% /usr/lib/wsl/drivers
/dev/sdd       1007G   29G  927G   4% /
none            4.8G     0  4.8G   0% /usr/lib/wsl/lib
rootfs          4.8G  2.7M  4.8G   1% /init
none            4.8G   76K  4.8G   1% /mnt/wslg/versions.txt
none            4.8G   76K  4.8G   1% /mnt/wslg/doc
C:\             238G  179G   60G  75% /mnt/c
snapfuse        337M  337M     0 100% /snap/code/221
snapfuse        333M  333M     0 100% /snap/code/220
snapfuse         74M   74M     0 100% /snap/core22/2216
snapfuse         74M   74M     0 100% /snap/core22/2292
snapfuse         64M   64M     0 100% /snap/core20/2686
snapfuse         49M   49M     0 100% /snap/snapd/25935
snapfuse         42M   42M     0 100% /snap/trivy/276

=== [TEMPERATURA] ===
Sensores não disponíveis.

----------------------------------------------------------------------
Fim da execução: 10:00:02
----------------------------------------------------------------------

